Java HotSpot(TM) 64-Bit Server VM (25.111-b14) for bsd-amd64 JRE (1.8.0_111-b14), built on Sep 22 2016 15:31:41 by "java_re" with gcc 4.2.1 (Based on Apple Inc. build 5658) (LLVM build 2336.11.00)
Memory: 4k page, physical 16777216k(70344k free)

/proc/meminfo:

CommandLine flags: -XX:+DisableExplicitGC -XX:InitialHeapSize=1073741824 -XX:InitiatingHeapOccupancyPercent=35 -XX:+ManagementServer -XX:MaxGCPauseMillis=20 -XX:MaxHeapSize=1073741824 -XX:+PrintGC -XX:+PrintGCDateStamps -XX:+PrintGCDetails -XX:+PrintGCTimeStamps -XX:+UseCompressedClassPointers -XX:+UseCompressedOops -XX:+UseG1GC 
2017-03-27T16:59:50.122-0100: 1,903: [GC pause (G1 Evacuation Pause) (young), 0,0144344 secs]
   [Parallel Time: 8,9 ms, GC Workers: 4]
      [GC Worker Start (ms): Min: 1903,6, Avg: 1904,5, Max: 1906,2, Diff: 2,6]
      [Ext Root Scanning (ms): Min: 0,0, Avg: 1,3, Max: 2,4, Diff: 2,4, Sum: 5,1]
      [Update RS (ms): Min: 0,0, Avg: 0,0, Max: 0,0, Diff: 0,0, Sum: 0,0]
         [Processed Buffers: Min: 0, Avg: 0,0, Max: 0, Diff: 0, Sum: 0]
      [Scan RS (ms): Min: 0,0, Avg: 0,0, Max: 0,0, Diff: 0,0, Sum: 0,0]
      [Code Root Scanning (ms): Min: 0,1, Avg: 0,4, Max: 0,7, Diff: 0,5, Sum: 1,8]
      [Object Copy (ms): Min: 6,0, Avg: 6,1, Max: 6,4, Diff: 0,4, Sum: 24,5]
      [Termination (ms): Min: 0,0, Avg: 0,1, Max: 0,1, Diff: 0,1, Sum: 0,2]
         [Termination Attempts: Min: 1, Avg: 3,0, Max: 5, Diff: 4, Sum: 12]
      [GC Worker Other (ms): Min: 0,0, Avg: 0,0, Max: 0,0, Diff: 0,0, Sum: 0,1]
      [GC Worker Total (ms): Min: 6,3, Avg: 7,9, Max: 8,9, Diff: 2,6, Sum: 31,7]
      [GC Worker End (ms): Min: 1912,4, Avg: 1912,5, Max: 1912,5, Diff: 0,0]
   [Code Root Fixup: 0,4 ms]
   [Code Root Purge: 0,0 ms]
   [Clear CT: 0,1 ms]
   [Other: 5,0 ms]
      [Choose CSet: 0,0 ms]
      [Ref Proc: 4,3 ms]
      [Ref Enq: 0,0 ms]
      [Redirty Cards: 0,1 ms]
      [Humongous Register: 0,0 ms]
      [Humongous Reclaim: 0,0 ms]
      [Free CSet: 0,3 ms]
   [Eden: 51,0M(51,0M)->0,0B(44,0M) Survivors: 0,0B->7168,0K Heap: 51,0M(1024,0M)->8720,0K(1024,0M)]
 [Times: user=0,03 sys=0,01, real=0,01 secs] 
2017-03-27T16:59:50.556-0100: 2,337: [GC pause (Metadata GC Threshold) (young) (initial-mark), 0,0158251 secs]
   [Parallel Time: 13,8 ms, GC Workers: 4]
      [GC Worker Start (ms): Min: 2337,1, Avg: 2339,3, Max: 2341,3, Diff: 4,3]
      [Ext Root Scanning (ms): Min: 3,3, Avg: 6,6, Max: 9,3, Diff: 6,0, Sum: 26,5]
      [Update RS (ms): Min: 0,0, Avg: 0,1, Max: 0,3, Diff: 0,3, Sum: 0,3]
         [Processed Buffers: Min: 0, Avg: 0,5, Max: 1, Diff: 1, Sum: 2]
      [Scan RS (ms): Min: 0,0, Avg: 0,0, Max: 0,0, Diff: 0,0, Sum: 0,0]
      [Code Root Scanning (ms): Min: 0,0, Avg: 0,5, Max: 1,8, Diff: 1,8, Sum: 1,8]
      [Object Copy (ms): Min: 0,0, Avg: 4,0, Max: 9,4, Diff: 9,4, Sum: 16,0]
      [Termination (ms): Min: 0,0, Avg: 0,3, Max: 0,4, Diff: 0,4, Sum: 1,1]
         [Termination Attempts: Min: 1, Avg: 1,0, Max: 1, Diff: 0, Sum: 4]
      [GC Worker Other (ms): Min: 0,0, Avg: 0,0, Max: 0,0, Diff: 0,0, Sum: 0,1]
      [GC Worker Total (ms): Min: 9,3, Avg: 11,4, Max: 13,7, Diff: 4,4, Sum: 45,7]
      [GC Worker End (ms): Min: 2350,6, Avg: 2350,8, Max: 2350,8, Diff: 0,2]
   [Code Root Fixup: 0,5 ms]
   [Code Root Purge: 0,0 ms]
   [Clear CT: 0,1 ms]
   [Other: 1,4 ms]
      [Choose CSet: 0,0 ms]
      [Ref Proc: 1,1 ms]
      [Ref Enq: 0,0 ms]
      [Redirty Cards: 0,1 ms]
      [Humongous Register: 0,0 ms]
      [Humongous Reclaim: 0,0 ms]
      [Free CSet: 0,1 ms]
   [Eden: 19,0M(44,0M)->0,0B(44,0M) Survivors: 7168,0K->7168,0K Heap: 154,6M(1024,0M)->136,0M(1024,0M)]
 [Times: user=0,03 sys=0,00, real=0,02 secs] 
2017-03-27T16:59:50.572-0100: 2,353: [GC concurrent-root-region-scan-start]
2017-03-27T16:59:50.580-0100: 2,361: [GC concurrent-root-region-scan-end, 0,0083588 secs]
2017-03-27T16:59:50.580-0100: 2,361: [GC concurrent-mark-start]
2017-03-27T16:59:50.581-0100: 2,361: [GC concurrent-mark-end, 0,0002245 secs]
2017-03-27T16:59:50.581-0100: 2,362: [GC remark 2017-03-27T16:59:50.581-0100: 2,362: [Finalize Marking, 0,0002833 secs] 2017-03-27T16:59:50.581-0100: 2,362: [GC ref-proc, 0,0001472 secs] 2017-03-27T16:59:50.581-0100: 2,362: [Unloading, 0,0042246 secs], 0,0064151 secs]
 [Times: user=0,01 sys=0,00, real=0,00 secs] 
2017-03-27T16:59:50.587-0100: 2,368: [GC cleanup 136M->135M(1024M), 0,0009915 secs]
 [Times: user=0,00 sys=0,00, real=0,00 secs] 
2017-03-27T16:59:50.588-0100: 2,369: [GC concurrent-cleanup-start]
2017-03-27T16:59:50.588-0100: 2,369: [GC concurrent-cleanup-end, 0,0000231 secs]
2017-03-27T16:59:56.438-0100: 8,219: [GC pause (G1 Evacuation Pause) (young), 0,0117328 secs]
   [Parallel Time: 9,2 ms, GC Workers: 4]
      [GC Worker Start (ms): Min: 8219,3, Avg: 8219,3, Max: 8219,3, Diff: 0,0]
      [Ext Root Scanning (ms): Min: 0,9, Avg: 1,5, Max: 2,5, Diff: 1,6, Sum: 5,9]
      [Update RS (ms): Min: 0,0, Avg: 0,0, Max: 0,0, Diff: 0,0, Sum: 0,0]
         [Processed Buffers: Min: 0, Avg: 0,5, Max: 2, Diff: 2, Sum: 2]
      [Scan RS (ms): Min: 0,0, Avg: 0,0, Max: 0,0, Diff: 0,0, Sum: 0,1]
      [Code Root Scanning (ms): Min: 0,0, Avg: 0,9, Max: 2,9, Diff: 2,9, Sum: 3,7]
      [Object Copy (ms): Min: 4,9, Avg: 6,7, Max: 7,8, Diff: 2,9, Sum: 26,9]
      [Termination (ms): Min: 0,0, Avg: 0,0, Max: 0,0, Diff: 0,0, Sum: 0,0]
         [Termination Attempts: Min: 2, Avg: 3,8, Max: 5, Diff: 3, Sum: 15]
      [GC Worker Other (ms): Min: 0,0, Avg: 0,0, Max: 0,0, Diff: 0,0, Sum: 0,1]
      [GC Worker Total (ms): Min: 9,1, Avg: 9,1, Max: 9,2, Diff: 0,0, Sum: 36,6]
      [GC Worker End (ms): Min: 8228,4, Avg: 8228,4, Max: 8228,4, Diff: 0,0]
   [Code Root Fixup: 0,8 ms]
   [Code Root Purge: 0,1 ms]
   [Clear CT: 0,1 ms]
   [Other: 1,5 ms]
      [Choose CSet: 0,0 ms]
      [Ref Proc: 1,0 ms]
      [Ref Enq: 0,0 ms]
      [Redirty Cards: 0,1 ms]
      [Humongous Register: 0,0 ms]
      [Humongous Reclaim: 0,0 ms]
      [Free CSet: 0,2 ms]
   [Eden: 44,0M(44,0M)->0,0B(45,0M) Survivors: 7168,0K->6144,0K Heap: 178,5M(1024,0M)->136,6M(1024,0M)]
 [Times: user=0,04 sys=0,00, real=0,02 secs] 
2017-03-27T16:59:57.176-0100: 8,957: [GC pause (G1 Evacuation Pause) (young), 0,0091676 secs]
   [Parallel Time: 6,8 ms, GC Workers: 4]
      [GC Worker Start (ms): Min: 8957,2, Avg: 8957,3, Max: 8957,5, Diff: 0,3]
      [Ext Root Scanning (ms): Min: 0,7, Avg: 1,5, Max: 3,2, Diff: 2,5, Sum: 6,0]
      [Update RS (ms): Min: 0,0, Avg: 0,2, Max: 0,3, Diff: 0,3, Sum: 0,8]
         [Processed Buffers: Min: 0, Avg: 4,0, Max: 8, Diff: 8, Sum: 16]
      [Scan RS (ms): Min: 0,0, Avg: 0,3, Max: 0,5, Diff: 0,5, Sum: 1,2]
      [Code Root Scanning (ms): Min: 0,0, Avg: 0,4, Max: 0,8, Diff: 0,8, Sum: 1,5]
      [Object Copy (ms): Min: 3,5, Avg: 4,3, Max: 4,9, Diff: 1,4, Sum: 17,0]
      [Termination (ms): Min: 0,0, Avg: 0,0, Max: 0,0, Diff: 0,0, Sum: 0,0]
         [Termination Attempts: Min: 1, Avg: 1,0, Max: 1, Diff: 0, Sum: 4]
      [GC Worker Other (ms): Min: 0,0, Avg: 0,0, Max: 0,0, Diff: 0,0, Sum: 0,1]
      [GC Worker Total (ms): Min: 6,4, Avg: 6,7, Max: 6,7, Diff: 0,3, Sum: 26,6]
      [GC Worker End (ms): Min: 8963,9, Avg: 8963,9, Max: 8963,9, Diff: 0,0]
   [Code Root Fixup: 0,4 ms]
   [Code Root Purge: 0,0 ms]
   [Clear CT: 0,1 ms]
   [Other: 1,9 ms]
      [Choose CSet: 0,0 ms]
      [Ref Proc: 1,5 ms]
      [Ref Enq: 0,0 ms]
      [Redirty Cards: 0,0 ms]
      [Humongous Register: 0,0 ms]
      [Humongous Reclaim: 0,0 ms]
      [Free CSet: 0,1 ms]
   [Eden: 45,0M(45,0M)->0,0B(46,0M) Survivors: 6144,0K->5120,0K Heap: 181,6M(1024,0M)->135,6M(1024,0M)]
 [Times: user=0,03 sys=0,00, real=0,01 secs] 
2017-03-27T16:59:57.632-0100: 9,413: [GC pause (G1 Humongous Allocation) (young) (initial-mark), 0,0067937 secs]
   [Parallel Time: 5,4 ms, GC Workers: 4]
      [GC Worker Start (ms): Min: 9413,0, Avg: 9413,1, Max: 9413,1, Diff: 0,0]
      [Ext Root Scanning (ms): Min: 0,8, Avg: 0,9, Max: 1,0, Diff: 0,2, Sum: 3,5]
      [Update RS (ms): Min: 0,1, Avg: 0,3, Max: 0,4, Diff: 0,3, Sum: 1,0]
         [Processed Buffers: Min: 1, Avg: 2,5, Max: 7, Diff: 6, Sum: 10]
      [Scan RS (ms): Min: 0,0, Avg: 0,0, Max: 0,0, Diff: 0,0, Sum: 0,0]
      [Code Root Scanning (ms): Min: 0,0, Avg: 0,6, Max: 1,3, Diff: 1,3, Sum: 2,4]
      [Object Copy (ms): Min: 3,0, Avg: 3,5, Max: 4,0, Diff: 1,0, Sum: 14,1]
      [Termination (ms): Min: 0,0, Avg: 0,0, Max: 0,0, Diff: 0,0, Sum: 0,0]
         [Termination Attempts: Min: 1, Avg: 1,0, Max: 1, Diff: 0, Sum: 4]
      [GC Worker Other (ms): Min: 0,0, Avg: 0,0, Max: 0,0, Diff: 0,0, Sum: 0,1]
      [GC Worker Total (ms): Min: 5,3, Avg: 5,3, Max: 5,3, Diff: 0,0, Sum: 21,2]
      [GC Worker End (ms): Min: 9418,3, Avg: 9418,4, Max: 9418,4, Diff: 0,0]
   [Code Root Fixup: 0,4 ms]
   [Code Root Purge: 0,0 ms]
   [Clear CT: 0,1 ms]
   [Other: 0,9 ms]
      [Choose CSet: 0,0 ms]
      [Ref Proc: 0,4 ms]
      [Ref Enq: 0,0 ms]
      [Redirty Cards: 0,0 ms]
      [Humongous Register: 0,0 ms]
      [Humongous Reclaim: 0,1 ms]
      [Free CSet: 0,1 ms]
   [Eden: 33,0M(46,0M)->0,0B(46,0M) Survivors: 5120,0K->5120,0K Heap: 353,2M(1024,0M)->136,1M(1024,0M)]
 [Times: user=0,02 sys=0,00, real=0,00 secs] 
2017-03-27T16:59:57.639-0100: 9,420: [GC concurrent-root-region-scan-start]
2017-03-27T16:59:57.647-0100: 9,429: [GC concurrent-root-region-scan-end, 0,0089250 secs]
2017-03-27T16:59:57.647-0100: 9,429: [GC concurrent-mark-start]
2017-03-27T16:59:57.663-0100: 9,444: [GC concurrent-mark-end, 0,0157369 secs]
2017-03-27T16:59:57.663-0100: 9,445: [GC remark 2017-03-27T16:59:57.663-0100: 9,445: [Finalize Marking, 0,0001116 secs] 2017-03-27T16:59:57.664-0100: 9,445: [GC ref-proc, 0,0001865 secs] 2017-03-27T16:59:57.664-0100: 9,445: [Unloading, 0,0048131 secs], 0,0069727 secs]
 [Times: user=0,03 sys=0,00, real=0,01 secs] 
2017-03-27T16:59:57.671-0100: 9,452: [GC cleanup 201M->201M(1024M), 0,0007410 secs]
 [Times: user=0,00 sys=0,00, real=0,00 secs] 
Heap
 garbage-first heap   total 1048576K, used 223327K [0x0000000780000000, 0x0000000780102000, 0x00000007c0000000)
  region size 1024K, 23 young (23552K), 5 survivors (5120K)
 Metaspace       used 27335K, capacity 30840K, committed 30976K, reserved 1075200K
  class space    used 3932K, capacity 4256K, committed 4352K, reserved 1048576K
